select @@server_id; -- maxscale begin route to master|HINT_ROUTE_TO_MASTER
select @@server_id;|HINT_ROUTE_TO_MASTER
select @@server_id; -- maxscale route to server server3|HINT_ROUTE_TO_NAMED_SERVER|server3
select @@server_id;|HINT_ROUTE_TO_MASTER
select @@server_id; -- maxscale end
select @@server_id; -- maxscale named1 prepare route to master
select @@server_id; -- maxscale named1 begin|HINT_ROUTE_TO_MASTER
select @@server_id;|HINT_ROUTE_TO_MASTER
select @@server_id; -- maxscale route to server server3|HINT_ROUTE_TO_NAMED_SERVER|server3
select @@server_id;|HINT_ROUTE_TO_MASTER
select @@server_id; -- maxscale end
select @@server_id; -- maxscale shorthand1 begin route to server server2|HINT_ROUTE_TO_NAMED_SERVER|server2
select @@server_id;|HINT_ROUTE_TO_NAMED_SERVER|server2
select @@server_id; -- maxscale route to server server3|HINT_ROUTE_TO_NAMED_SERVER|server3
select @@server_id;|HINT_ROUTE_TO_NAMED_SERVER|server2
select @@server_id; -- maxscale end
select @@server_id; # maxscale begin route to master|HINT_ROUTE_TO_MASTER
select @@server_id;|HINT_ROUTE_TO_MASTER
select @@server_id; # maxscale route to server server3|HINT_ROUTE_TO_NAMED_SERVER|server3
select @@server_id;|HINT_ROUTE_TO_MASTER
select @@server_id; # maxscale end
select @@server_id; # maxscale named2 prepare route to master
select @@server_id; # maxscale named2 begin|HINT_ROUTE_TO_MASTER
select @@server_id;|HINT_ROUTE_TO_MASTER
select @@server_id; # maxscale route to server server3|HINT_ROUTE_TO_NAMED_SERVER|server3
select @@server_id;|HINT_ROUTE_TO_MASTER
select @@server_id; # maxscale end
select @@server_id; # maxscale shorthand2 begin route to server server2|HINT_ROUTE_TO_NAMED_SERVER|server2
select @@server_id;|HINT_ROUTE_TO_NAMED_SERVER|server2
select @@server_id; # maxscale route to server server3|HINT_ROUTE_TO_NAMED_SERVER|server3
select @@server_id;|HINT_ROUTE_TO_NAMED_SERVER|server2
select @@server_id; # maxscale end
select @@server_id/* maxscale begin route to master */;|HINT_ROUTE_TO_MASTER
select @@server_id;|HINT_ROUTE_TO_MASTER
select @@server_id/* maxscale route to server server3 */;|HINT_ROUTE_TO_NAMED_SERVER|server3
select @@server_id;|HINT_ROUTE_TO_MASTER
select @@server_id/* maxscale end */;
select @@server_id/* maxscale named3 prepare route to master */;
select @@server_id/* maxscale named3 begin */;|HINT_ROUTE_TO_MASTER
select @@server_id;|HINT_ROUTE_TO_MASTER
select @@server_id/* maxscale route to server server3 */;|HINT_ROUTE_TO_NAMED_SERVER|server3
select @@server_id;|HINT_ROUTE_TO_MASTER
select @@server_id/* maxscale end */;
select @@server_id/* maxscale shorthand3 begin route to server server2 */; |HINT_ROUTE_TO_NAMED_SERVER|server2
select @@server_id;|HINT_ROUTE_TO_NAMED_SERVER|server2
select @@server_id/* maxscale route to server server3 */;|HINT_ROUTE_TO_NAMED_SERVER|server3
select @@server_id;|HINT_ROUTE_TO_NAMED_SERVER|server2
select @@server_id/* maxscale end */;
